main.c:358:6:DelayedOn_Wait	128	static
main.c:379:6:DelayedOn_On	128	static
main.c:385:6:DelayedInvMosOn	16	static
main.c:525:6:ResetInverterDay	152	static
main.c:593:6:ResetInverterNight	144	static
main.c:677:6:setPWM_TIM2	48	static
main.c:692:6:setPWM_TIM16	48	static
main.c:709:6:LedStatusShow	16	static
main.c:777:6:RestoreCalValuesFromFLASH	16	static
main.c:795:5:StoreCalData2FLASH	40	static
main.c:836:6:RestoreStatisticsFromFLASH	24	static
main.c:879:5:StoreStatistics2FLASH	40	static
main.c:930:6:DeleteStatistics2FLASH	40	static
main.c:962:6:Calculate_WattSeconds	16	static
main.c:1067:6:Calculate_WattHours	20	static
main.c:1100:6:ReadConfig	16	static
main.c:1117:6:BackupPowerON	8	static
main.c:1128:6:BackupPowerOFF	16	static
main.c:1141:6:ExtOut_InvResetStart	136	static
main.c:1152:6:ExtOut_InvResetStop	136	static
main.c:1168:6:BatteryMOS_ON	128	static
main.c:1185:6:BatteryMOS_OFF	128	static
main.c:1193:6:InverterMOS_ON	8	static
main.c:1206:6:InverterMOS_OFF	8	static
main.c:1212:10:ConvertNTCvalue	40	static
main.c:1224:10:ConvertVValue	8	static
main.c:1235:10:ConvertIValue	16	static
main.c:1264:5:main	32	static
main.c:1358:6:SystemClock_Config	112	static,ignoring_inline_asm
main.c:1401:13:MX_ADC1_Init	40	static,ignoring_inline_asm
main.c:1523:13:MX_TIM2_Init	64	static,ignoring_inline_asm
main.c:1572:13:MX_TIM16_Init	104	static,ignoring_inline_asm
main.c:1634:13:MX_USART1_UART_Init	8	static,ignoring_inline_asm
main.c:1667:13:MX_DMA_Init	16	static
main.c:1692:13:MX_GPIO_Init	72	static
main.c:1744:6:HAL_UART_RxCpltCallback	32	static,ignoring_inline_asm
main.c:1907:6:HAL_UART_TxCpltCallback	0	static
main.c:1912:6:InverterOn_batteryAsBackup	160	static
main.c:2015:6:InvOn_DischBattAtDay	136	static
main.c:2077:6:DischargeProcedure	152	static
main.c:2176:6:PrintConfig2TxBuffer	80	static
main.c:2205:6:PrintFlashStats2TxBuffer	136	static
main.c:2243:6:ShowWhStats	136	static
main.c:2277:6:PrintfCalData	48	static
main.c:2301:6:StartDefaultTask	288	static
main.c:2587:6:Callback01	48	static
main.c:2657:6:HAL_TIM_PeriodElapsedCallback	0	static
main.c:2674:6:Error_Handler	0	static,ignoring_inline_asm
