main.c:357:6:DelayedOn_Wait	128	static
main.c:378:6:DelayedOn_On	128	static
main.c:384:6:DelayedInvMosOn	16	static
main.c:524:6:ResetInverterDay	152	static
main.c:592:6:ResetInverterNight	144	static
main.c:676:6:setPWM_TIM2	48	static
main.c:691:6:setPWM_TIM16	48	static
main.c:708:6:LedStatusShow	16	static
main.c:776:6:RestoreCalValuesFromFLASH	16	static
main.c:794:5:StoreCalData2FLASH	48	static
main.c:835:6:RestoreStatisticsFromFLASH	24	static
main.c:878:5:StoreStatistics2FLASH	56	static
main.c:929:6:DeleteStatistics2FLASH	40	static
main.c:961:6:Calculate_WattSeconds	16	static
main.c:1066:6:Calculate_WattHours	20	static
main.c:1099:6:ReadConfig	16	static
main.c:1116:6:BackupPowerON	8	static
main.c:1127:6:BackupPowerOFF	16	static
main.c:1140:6:ExtOut_InvResetStart	136	static
main.c:1151:6:ExtOut_InvResetStop	136	static
main.c:1167:6:BatteryMOS_ON	128	static
main.c:1184:6:BatteryMOS_OFF	128	static
main.c:1192:6:InverterMOS_ON	8	static
main.c:1205:6:InverterMOS_OFF	8	static
main.c:1211:10:ConvertNTCvalue	40	static
main.c:1223:10:ConvertVValue	8	static
main.c:1234:10:ConvertIValue	16	static
main.c:1263:5:main	32	static
main.c:1357:6:SystemClock_Config	112	static,ignoring_inline_asm
main.c:1400:13:MX_ADC1_Init	40	static,ignoring_inline_asm
main.c:1522:13:MX_TIM2_Init	64	static,ignoring_inline_asm
main.c:1571:13:MX_TIM16_Init	104	static,ignoring_inline_asm
main.c:1633:13:MX_USART1_UART_Init	8	static,ignoring_inline_asm
main.c:1666:13:MX_DMA_Init	16	static
main.c:1691:13:MX_GPIO_Init	72	static
main.c:1743:6:HAL_UART_RxCpltCallback	32	static,ignoring_inline_asm
main.c:1906:6:HAL_UART_TxCpltCallback	0	static
main.c:1911:6:InverterOn_batteryAsBackup	160	static
main.c:2014:6:InvOn_DischBattAtDay	136	static
main.c:2076:6:DischargeProcedure	152	static
main.c:2175:6:PrintConfig2TxBuffer	80	static
main.c:2204:6:PrintFlashStats2TxBuffer	136	static
main.c:2242:6:ShowWhStats	136	static
main.c:2276:6:PrintfCalData	48	static
main.c:2300:6:StartDefaultTask	288	static
main.c:2586:6:Callback01	48	static
main.c:2656:6:HAL_TIM_PeriodElapsedCallback	0	static
main.c:2673:6:Error_Handler	0	static,ignoring_inline_asm
