main.c:364:6:DelayedOn_Wait	128	static
main.c:385:6:DelayedOn_On	128	static
main.c:391:6:DelayedInvMosOn	16	static
main.c:541:6:ResetInverterDay	152	static
main.c:609:6:ResetInverterNight	144	static
main.c:693:6:setPWM_TIM2	48	static
main.c:708:6:setPWM_TIM16	48	static
main.c:725:6:LedStatusShow	16	static
main.c:793:6:RestoreCalValuesFromFLASH	16	static
main.c:811:5:StoreCalData2FLASH	40	static
main.c:852:6:RestoreStatisticsFromFLASH	24	static
main.c:895:5:StoreStatistics2FLASH	40	static
main.c:946:6:DeleteStatistics2FLASH	40	static
main.c:978:6:Calculate_WattSeconds	16	static
main.c:1087:6:Calculate_WattHours	24	static
main.c:1122:6:ReadConfig	16	static
main.c:1163:6:ExtOut_InvResetStart	136	static
main.c:1174:6:ExtOut_InvResetStop	136	static
main.c:1190:6:BatteryMOS_ON	128	static
main.c:1207:6:BatteryMOS_OFF	128	static
main.c:1215:6:InverterMOS_ON	8	static
main.c:1228:6:InverterMOS_OFF	8	static
main.c:1234:10:ConvertNTCvalue	40	static
main.c:1246:10:ConvertVValue	8	static
main.c:1257:10:ConvertIValue	16	static
main.c:1286:5:main	8	static
main.c:1380:6:SystemClock_Config	112	static,ignoring_inline_asm
main.c:1423:13:MX_ADC1_Init	40	static,ignoring_inline_asm
main.c:1545:13:MX_TIM2_Init	64	static,ignoring_inline_asm
main.c:1594:13:MX_TIM16_Init	104	static,ignoring_inline_asm
main.c:1656:13:MX_USART1_UART_Init	8	static,ignoring_inline_asm
main.c:1689:13:MX_DMA_Init	16	static
main.c:1714:13:MX_GPIO_Init	72	static
main.c:1772:6:HAL_UART_RxCpltCallback	32	static,ignoring_inline_asm
main.c:1944:6:HAL_UART_TxCpltCallback	0	static
main.c:1949:6:InverterOn_batteryAsBackup	152	static
main.c:2062:6:DischargeProcedure	24	static
main.c:2113:6:StoreStatsPowerOff	144	static
main.c:2167:6:PrintConfig2TxBuffer	88	static
main.c:2197:6:PrintFlashStats2TxBuffer	136	static
main.c:2235:6:ShowWhStats	144	static
main.c:2269:6:PrintfCalData	48	static
main.c:2295:6:StartDefaultTask	296	static
main.c:2666:6:Callback01	48	static
main.c:2737:6:HAL_TIM_PeriodElapsedCallback	0	static
main.c:2754:6:Error_Handler	0	static,ignoring_inline_asm
