main.c:309:6:DelayedInvMosOn	8	static
main.c:536:6:ResetInverterDay	152	static
main.c:595:6:ResetInverterNight	144	static
main.c:660:6:setPWM_TIM2	48	static
main.c:675:6:setPWM_TIM16	48	static
main.c:692:6:LedStatusShow	16	static
main.c:760:6:RestoreStatisticsFromFLASH	24	static
main.c:803:6:StoreStatistics2FLASH	40	static
main.c:847:6:DeleteStatistics2FLASH	40	static
main.c:879:6:Calculate_WattSeconds	16	static
main.c:1037:6:Calculate_WattHours	20	static
main.c:1062:6:ReadConfig	16	static
main.c:1103:6:ExtOut_InvResetStart	136	static
main.c:1114:6:ExtOut_InvResetStop	136	static
main.c:1129:6:BatteryMOS_ON	128	static
main.c:1146:6:BatteryMOS_OFF	128	static
main.c:1154:6:InverterMOS_ON	8	static
main.c:1167:6:InverterMOS_OFF	8	static
main.c:1173:10:ConvertNTCvalue	40	static
main.c:1185:10:ConvertVValue	8	static
main.c:1195:10:ConvertIValue	16	static
main.c:1219:5:main	8	static
main.c:1313:6:SystemClock_Config	112	static,ignoring_inline_asm
main.c:1356:13:MX_ADC1_Init	40	static,ignoring_inline_asm
main.c:1469:13:MX_TIM2_Init	64	static,ignoring_inline_asm
main.c:1518:13:MX_TIM16_Init	104	static,ignoring_inline_asm
main.c:1580:13:MX_USART1_UART_Init	8	static,ignoring_inline_asm
main.c:1613:13:MX_DMA_Init	16	static
main.c:1638:13:MX_GPIO_Init	72	static
main.c:1690:6:HAL_UART_RxCpltCallback	24	static
main.c:1778:6:HAL_UART_TxCpltCallback	0	static
main.c:1783:6:InverterOn_batteryAsBackup	144	static
main.c:1868:6:DischargeProcedure	128	static
main.c:1951:6:PrintConfig2TxBuffer	72	static
main.c:1977:6:PrintFlashStats2TxBuffer	136	static
main.c:2015:6:ShowWhStats	120	static
main.c:2053:6:StartDefaultTask	256	static
main.c:2289:6:Callback01	48	static
main.c:2352:6:HAL_TIM_PeriodElapsedCallback	0	static
main.c:2369:6:Error_Handler	0	static,ignoring_inline_asm
