main.c:290:6:DelayedInvMosOn	8	static
main.c:517:6:ResetInverterDay	152	static
main.c:576:6:ResetInverterNight	144	static
main.c:636:6:setPWM_TIM2	48	static
main.c:651:6:setPWM_TIM16	48	static
main.c:668:6:LedStatusShow	16	static
main.c:736:6:RestoreStatisticsFromFLASH	24	static
main.c:779:6:StoreStatistics2FLASH	40	static
main.c:823:6:Calculate_WattSeconds	16	static
main.c:953:6:Calculate_WattHours	20	static
main.c:978:6:ReadConfig	16	static
main.c:1019:6:ExtOut_InvResetStart	136	static
main.c:1030:6:ExtOut_InvResetStop	136	static
main.c:1045:6:BatteryMOS_ON	128	static
main.c:1062:6:BatteryMOS_OFF	128	static
main.c:1070:6:InverterMOS_ON	8	static
main.c:1083:6:InverterMOS_OFF	8	static
main.c:1089:10:ConvertNTCvalue	40	static
main.c:1101:10:ConvertVValue	8	static
main.c:1111:10:ConvertIValue	16	static
main.c:1135:5:main	8	static
main.c:1229:6:SystemClock_Config	112	static,ignoring_inline_asm
main.c:1272:13:MX_ADC1_Init	40	static,ignoring_inline_asm
main.c:1385:13:MX_TIM2_Init	64	static,ignoring_inline_asm
main.c:1434:13:MX_TIM16_Init	104	static,ignoring_inline_asm
main.c:1496:13:MX_USART1_UART_Init	8	static,ignoring_inline_asm
main.c:1529:13:MX_DMA_Init	16	static
main.c:1554:13:MX_GPIO_Init	64	static
main.c:1605:6:HAL_UART_RxCpltCallback	0	static
main.c:1641:6:HAL_UART_TxCpltCallback	0	static
main.c:1646:6:InverterOn_batteryAsBackup	144	static
main.c:1731:6:DischargeProcedure	136	static
main.c:1809:6:StartDefaultTask	288	static
main.c:2088:6:Callback01	48	static
main.c:2150:6:HAL_TIM_PeriodElapsedCallback	0	static
main.c:2167:6:Error_Handler	0	static,ignoring_inline_asm
