main.c:333:6:DelayedOn_Wait	128	static
main.c:354:6:DelayedOn_On	128	static
main.c:360:6:DelayedInvMosOn	16	static
main.c:500:6:ResetInverterDay	152	static
main.c:559:6:ResetInverterNight	144	static
main.c:624:6:setPWM_TIM2	48	static
main.c:639:6:setPWM_TIM16	48	static
main.c:656:6:LedStatusShow	16	static
main.c:724:6:RestoreCalValuesFromFLASH	16	static
main.c:742:6:StoreCalData2FLASH	48	static
main.c:782:6:RestoreStatisticsFromFLASH	24	static
main.c:825:6:StoreStatistics2FLASH	40	static
main.c:869:6:DeleteStatistics2FLASH	40	static
main.c:901:6:Calculate_WattSeconds	16	static
main.c:1064:6:Calculate_WattHours	20	static
main.c:1089:6:ReadConfig	16	static
main.c:1130:6:ExtOut_InvResetStart	136	static
main.c:1141:6:ExtOut_InvResetStop	136	static
main.c:1157:6:BatteryMOS_ON	128	static
main.c:1174:6:BatteryMOS_OFF	128	static
main.c:1182:6:InverterMOS_ON	8	static
main.c:1195:6:InverterMOS_OFF	8	static
main.c:1201:10:ConvertNTCvalue	40	static
main.c:1213:10:ConvertVValue	8	static
main.c:1224:10:ConvertIValue	16	static
main.c:1253:5:main	8	static
main.c:1347:6:SystemClock_Config	112	static,ignoring_inline_asm
main.c:1390:13:MX_ADC1_Init	40	static,ignoring_inline_asm
main.c:1512:13:MX_TIM2_Init	64	static,ignoring_inline_asm
main.c:1561:13:MX_TIM16_Init	104	static,ignoring_inline_asm
main.c:1623:13:MX_USART1_UART_Init	8	static,ignoring_inline_asm
main.c:1656:13:MX_DMA_Init	16	static
main.c:1681:13:MX_GPIO_Init	72	static
main.c:1733:6:HAL_UART_RxCpltCallback	32	static,ignoring_inline_asm
main.c:1886:6:HAL_UART_TxCpltCallback	0	static
main.c:1891:6:InverterOn_batteryAsBackup	144	static
main.c:1980:6:DischargeProcedure	128	static
main.c:2068:6:PrintConfig2TxBuffer	72	static
main.c:2094:6:PrintFlashStats2TxBuffer	136	static
main.c:2132:6:ShowWhStats	120	static
main.c:2162:6:PrintfCalData	48	static
main.c:2186:6:StartDefaultTask	256	static
main.c:2442:6:Callback01	48	static
main.c:2512:6:HAL_TIM_PeriodElapsedCallback	0	static
main.c:2529:6:Error_Handler	0	static,ignoring_inline_asm
