main.c:364:6:DelayedOn_Wait	128	static
main.c:385:6:DelayedOn_On	128	static
main.c:391:6:DelayedInvMosOn	16	static
main.c:541:6:ResetInverterDay	152	static
main.c:613:6:ResetInverterNight	144	static
main.c:697:6:setPWM_TIM2	48	static
main.c:712:6:setPWM_TIM16	48	static
main.c:729:6:LedStatusShow	16	static
main.c:811:6:RestoreCalValuesFromFLASH	16	static
main.c:829:5:StoreCalData2FLASH	40	static
main.c:870:6:RestoreStatisticsFromFLASH	24	static
main.c:913:5:StoreStatistics2FLASH	40	static
main.c:964:6:DeleteStatistics2FLASH	40	static
main.c:996:6:Calculate_WattSeconds	16	static
main.c:1105:6:Calculate_WattHours	24	static
main.c:1140:6:ReadConfig	16	static
main.c:1157:6:BackupPowerON	8	static
main.c:1168:6:BackupPowerOFF	16	static
main.c:1181:6:ExtOut_InvResetStart	136	static
main.c:1192:6:ExtOut_InvResetStop	136	static
main.c:1208:6:BatteryMOS_ON	128	static
main.c:1225:6:BatteryMOS_OFF	128	static
main.c:1233:6:InverterMOS_ON	8	static
main.c:1246:6:InverterMOS_OFF	8	static
main.c:1252:5:ConvertNTCvalue	48	static
main.c:1273:10:ConvertVValue	8	static
main.c:1284:10:ConvertIValue	16	static
main.c:1313:5:main	32	static
main.c:1407:6:SystemClock_Config	112	static,ignoring_inline_asm
main.c:1450:13:MX_ADC1_Init	40	static,ignoring_inline_asm
main.c:1572:13:MX_TIM2_Init	64	static,ignoring_inline_asm
main.c:1621:13:MX_TIM16_Init	104	static,ignoring_inline_asm
main.c:1683:13:MX_USART1_UART_Init	8	static,ignoring_inline_asm
main.c:1716:13:MX_DMA_Init	16	static
main.c:1741:13:MX_GPIO_Init	72	static
main.c:1799:6:HAL_UART_RxCpltCallback	32	static,ignoring_inline_asm
main.c:1971:6:HAL_UART_TxCpltCallback	0	static
main.c:1976:6:InverterOn_batteryAsBackup	152	static
main.c:2090:6:DischargeProcedure	24	static
main.c:2141:6:StoreStatsPowerOff	144	static
main.c:2195:6:PrintConfig2TxBuffer	88	static
main.c:2225:6:PrintFlashStats2TxBuffer	136	static
main.c:2263:6:ShowWhStats	144	static
main.c:2297:6:PrintfCalData	48	static
main.c:2323:6:StartDefaultTask	296	static
main.c:2714:6:Callback01	40	static
main.c:2785:6:HAL_TIM_PeriodElapsedCallback	0	static
main.c:2802:6:Error_Handler	0	static,ignoring_inline_asm
