main.c:331:6:DelayedInvMosOn	8	static
main.c:558:6:ResetInverterDay	152	static
main.c:617:6:ResetInverterNight	144	static
main.c:682:6:setPWM_TIM2	48	static
main.c:697:6:setPWM_TIM16	48	static
main.c:714:6:LedStatusShow	16	static
main.c:782:6:RestoreCalValuesFromFLASH	16	static
main.c:800:6:StoreCalData2FLASH	48	static
main.c:840:6:RestoreStatisticsFromFLASH	24	static
main.c:883:6:StoreStatistics2FLASH	40	static
main.c:927:6:DeleteStatistics2FLASH	40	static
main.c:959:6:Calculate_WattSeconds	16	static
main.c:1122:6:Calculate_WattHours	20	static
main.c:1147:6:ReadConfig	16	static
main.c:1188:6:ExtOut_InvResetStart	136	static
main.c:1199:6:ExtOut_InvResetStop	136	static
main.c:1214:6:BatteryMOS_ON	128	static
main.c:1231:6:BatteryMOS_OFF	128	static
main.c:1239:6:InverterMOS_ON	8	static
main.c:1252:6:InverterMOS_OFF	8	static
main.c:1258:10:ConvertNTCvalue	40	static
main.c:1270:10:ConvertVValue	8	static
main.c:1281:10:ConvertIValue	16	static
main.c:1310:5:main	8	static
main.c:1404:6:SystemClock_Config	112	static,ignoring_inline_asm
main.c:1447:13:MX_ADC1_Init	40	static,ignoring_inline_asm
main.c:1569:13:MX_TIM2_Init	64	static,ignoring_inline_asm
main.c:1618:13:MX_TIM16_Init	104	static,ignoring_inline_asm
main.c:1680:13:MX_USART1_UART_Init	8	static,ignoring_inline_asm
main.c:1713:13:MX_DMA_Init	16	static
main.c:1738:13:MX_GPIO_Init	72	static
main.c:1790:6:HAL_UART_RxCpltCallback	32	static,ignoring_inline_asm
main.c:1937:6:HAL_UART_TxCpltCallback	0	static
main.c:1942:6:InverterOn_batteryAsBackup	144	static
main.c:2031:6:DischargeProcedure	128	static
main.c:2116:6:PrintConfig2TxBuffer	72	static
main.c:2142:6:PrintFlashStats2TxBuffer	136	static
main.c:2180:6:ShowWhStats	120	static
main.c:2210:6:PrintfCalData	48	static
main.c:2234:6:StartDefaultTask	264	static
main.c:2482:6:Callback01	48	static
main.c:2552:6:HAL_TIM_PeriodElapsedCallback	0	static
main.c:2569:6:Error_Handler	0	static,ignoring_inline_asm
