stm32l4xx_it.c:74:6:NMI_Handler	0	static
stm32l4xx_it.c:89:6:HardFault_Handler	0	static
stm32l4xx_it.c:104:6:MemManage_Handler	0	static
stm32l4xx_it.c:119:6:BusFault_Handler	0	static
stm32l4xx_it.c:134:6:UsageFault_Handler	0	static
stm32l4xx_it.c:149:6:DebugMon_Handler	0	static
stm32l4xx_it.c:169:6:DMA1_Channel1_IRQHandler	0	static
stm32l4xx_it.c:183:6:USART1_IRQHandler	8	static
stm32l4xx_it.c:199:6:TIM6_DAC_IRQHandler	0	static
stm32l4xx_it.c:213:6:DMA2_Channel6_IRQHandler	0	static
stm32l4xx_it.c:227:6:DMA2_Channel7_IRQHandler	0	static
