main.c:291:6:DelayedInvMosOn	8	static
main.c:518:6:ResetInverterDay	8	static
main.c:577:6:ResetInverterNight	8	static
main.c:637:6:setPWM_TIM2	40	static
main.c:652:6:setPWM_TIM16	40	static
main.c:669:6:LedStatusShow	8	static
main.c:737:6:RestoreStatisticsFromFLASH	24	static
main.c:780:6:StoreStatistics2FLASH	40	static
main.c:824:6:Calculate_WattSeconds	4	static
main.c:954:6:Calculate_WattHours	4	static
main.c:979:6:ReadConfig	8	static
main.c:996:6:BackupPowerON	16	static
main.c:1007:6:BackupPowerOFF	16	static
main.c:1020:6:ExtOut_InvResetStart	120	static
main.c:1031:6:ExtOut_InvResetStop	120	static
main.c:1046:6:BatteryMOS_ON	96	static
main.c:1063:6:BatteryMOS_OFF	96	static
main.c:1071:6:InverterMOS_ON	8	static
main.c:1084:6:InverterMOS_OFF	8	static
main.c:1090:10:ConvertNTCvalue	48	static
main.c:1102:10:ConvertVValue	24	static
main.c:1112:10:ConvertIValue	24	static
main.c:1136:5:main	32	static
main.c:1230:6:SystemClock_Config	96	static
main.c:1273:13:MX_ADC1_Init	32	static
main.c:1386:13:MX_TIM2_Init	48	static
main.c:1435:13:MX_TIM16_Init	80	static
main.c:1497:13:MX_USART1_UART_Init	8	static
main.c:1530:13:MX_DMA_Init	16	static
main.c:1555:13:MX_GPIO_Init	48	static
main.c:1607:6:HAL_UART_RxCpltCallback	32	static
main.c:1686:6:HAL_UART_TxCpltCallback	16	static
main.c:1691:6:InverterOn_batteryAsBackup	8	static
main.c:1776:6:DischargeProcedure	8	static
main.c:1850:6:PrintConfig2TxBuffer	64	static
main.c:1876:6:PrintFlashStats2TxBuffer	200	static
main.c:1908:6:ShowWhStats	136	static
main.c:1940:6:StartDefaultTask	128	static
main.c:2174:6:Callback01	16	static
main.c:2236:6:HAL_TIM_PeriodElapsedCallback	16	static
main.c:2253:6:Error_Handler	4	static,ignoring_inline_asm
