main.c:364:6:DelayedOn_Wait	8	static
main.c:385:6:DelayedOn_On	8	static
main.c:391:6:DelayedInvMosOn	8	static
main.c:541:6:ResetInverterDay	8	static
main.c:613:6:ResetInverterNight	8	static
main.c:697:6:setPWM_TIM2	40	static
main.c:712:6:setPWM_TIM16	40	static
main.c:729:6:LedStatusShow	8	static
main.c:797:6:RestoreCalValuesFromFLASH	16	static
main.c:815:5:StoreCalData2FLASH	40	static
main.c:856:6:RestoreStatisticsFromFLASH	24	static
main.c:899:5:StoreStatistics2FLASH	40	static
main.c:950:6:DeleteStatistics2FLASH	32	static
main.c:982:6:Calculate_WattSeconds	4	static
main.c:1091:6:Calculate_WattHours	4	static
main.c:1126:6:ReadConfig	8	static
main.c:1143:6:BackupPowerON	16	static
main.c:1154:6:BackupPowerOFF	16	static
main.c:1167:6:ExtOut_InvResetStart	120	static
main.c:1178:6:ExtOut_InvResetStop	120	static
main.c:1194:6:BatteryMOS_ON	96	static
main.c:1211:6:BatteryMOS_OFF	96	static
main.c:1219:6:InverterMOS_ON	8	static
main.c:1232:6:InverterMOS_OFF	8	static
main.c:1238:5:ConvertNTCvalue	40	static
main.c:1259:10:ConvertVValue	24	static
main.c:1270:10:ConvertIValue	24	static
main.c:1299:5:main	32	static
main.c:1393:6:SystemClock_Config	96	static
main.c:1436:13:MX_ADC1_Init	32	static
main.c:1558:13:MX_TIM2_Init	48	static
main.c:1607:13:MX_TIM16_Init	80	static
main.c:1669:13:MX_USART1_UART_Init	8	static
main.c:1702:13:MX_DMA_Init	16	static
main.c:1727:13:MX_GPIO_Init	48	static
main.c:1785:6:HAL_UART_RxCpltCallback	48	static
main.c:1957:6:HAL_UART_TxCpltCallback	16	static
main.c:1962:6:InverterOn_batteryAsBackup	8	static
main.c:2076:6:DischargeProcedure	8	static
main.c:2127:6:StoreStatsPowerOff	8	static
main.c:2181:6:PrintConfig2TxBuffer	80	static
main.c:2211:6:PrintFlashStats2TxBuffer	248	static
main.c:2249:6:ShowWhStats	256	static
main.c:2283:6:PrintfCalData	72	static
main.c:2309:6:StartDefaultTask	160	static
main.c:2700:6:Callback01	24	static
main.c:2771:6:HAL_TIM_PeriodElapsedCallback	16	static
main.c:2788:6:Error_Handler	4	static,ignoring_inline_asm
