main.c:364:6:DelayedOn_Wait	8	static
main.c:385:6:DelayedOn_On	8	static
main.c:391:6:DelayedInvMosOn	8	static
main.c:541:6:ResetInverterDay	8	static
main.c:609:6:ResetInverterNight	8	static
main.c:693:6:setPWM_TIM2	40	static
main.c:708:6:setPWM_TIM16	40	static
main.c:725:6:LedStatusShow	8	static
main.c:793:6:RestoreCalValuesFromFLASH	16	static
main.c:811:5:StoreCalData2FLASH	40	static
main.c:852:6:RestoreStatisticsFromFLASH	24	static
main.c:895:5:StoreStatistics2FLASH	40	static
main.c:946:6:DeleteStatistics2FLASH	32	static
main.c:978:6:Calculate_WattSeconds	4	static
main.c:1087:6:Calculate_WattHours	4	static
main.c:1122:6:ReadConfig	8	static
main.c:1139:6:BackupPowerON	16	static
main.c:1150:6:BackupPowerOFF	16	static
main.c:1163:6:ExtOut_InvResetStart	120	static
main.c:1174:6:ExtOut_InvResetStop	120	static
main.c:1190:6:BatteryMOS_ON	96	static
main.c:1207:6:BatteryMOS_OFF	96	static
main.c:1215:6:InverterMOS_ON	8	static
main.c:1228:6:InverterMOS_OFF	8	static
main.c:1234:5:ConvertNTCvalue	40	static
main.c:1255:10:ConvertVValue	24	static
main.c:1266:10:ConvertIValue	24	static
main.c:1295:5:main	32	static
main.c:1389:6:SystemClock_Config	96	static
main.c:1432:13:MX_ADC1_Init	32	static
main.c:1554:13:MX_TIM2_Init	48	static
main.c:1603:13:MX_TIM16_Init	80	static
main.c:1665:13:MX_USART1_UART_Init	8	static
main.c:1698:13:MX_DMA_Init	16	static
main.c:1723:13:MX_GPIO_Init	48	static
main.c:1781:6:HAL_UART_RxCpltCallback	48	static
main.c:1953:6:HAL_UART_TxCpltCallback	16	static
main.c:1958:6:InverterOn_batteryAsBackup	8	static
main.c:2071:6:DischargeProcedure	8	static
main.c:2122:6:StoreStatsPowerOff	8	static
main.c:2176:6:PrintConfig2TxBuffer	80	static
main.c:2206:6:PrintFlashStats2TxBuffer	248	static
main.c:2244:6:ShowWhStats	256	static
main.c:2278:6:PrintfCalData	72	static
main.c:2304:6:StartDefaultTask	160	static
main.c:2684:6:Callback01	24	static
main.c:2755:6:HAL_TIM_PeriodElapsedCallback	16	static
main.c:2772:6:Error_Handler	4	static,ignoring_inline_asm
