main.c:290:6:DelayedInvMosOn	8	static
main.c:517:6:ResetInverterDay	8	static
main.c:576:6:ResetInverterNight	8	static
main.c:636:6:setPWM_TIM2	40	static
main.c:651:6:setPWM_TIM16	40	static
main.c:668:6:LedStatusShow	8	static
main.c:736:6:RestoreStatisticsFromFLASH	24	static
main.c:779:6:StoreStatistics2FLASH	40	static
main.c:823:6:Calculate_WattSeconds	4	static
main.c:953:6:Calculate_WattHours	4	static
main.c:976:6:ReadConfig	8	static
main.c:1017:6:ExtOut_InvResetStart	120	static
main.c:1028:6:ExtOut_InvResetStop	120	static
main.c:1043:6:BatteryMOS_ON	96	static
main.c:1060:6:BatteryMOS_OFF	96	static
main.c:1068:6:InverterMOS_ON	8	static
main.c:1081:6:InverterMOS_OFF	8	static
main.c:1087:10:ConvertNTCvalue	48	static
main.c:1099:10:ConvertVValue	24	static
main.c:1109:10:ConvertIValue	24	static
main.c:1133:5:main	8	static
main.c:1227:6:SystemClock_Config	96	static
main.c:1270:13:MX_ADC1_Init	32	static
main.c:1383:13:MX_TIM2_Init	48	static
main.c:1432:13:MX_TIM16_Init	80	static
main.c:1494:13:MX_USART1_UART_Init	8	static
main.c:1527:13:MX_DMA_Init	16	static
main.c:1552:13:MX_GPIO_Init	48	static
main.c:1603:6:HAL_UART_RxCpltCallback	24	static
main.c:1639:6:HAL_UART_TxCpltCallback	16	static
main.c:1644:6:InverterOn_batteryAsBackup	8	static
main.c:1729:6:DischargeProcedure	8	static
main.c:1804:6:StartDefaultTask	208	static
main.c:2083:6:Callback01	16	static
main.c:2145:6:HAL_TIM_PeriodElapsedCallback	16	static
main.c:2162:6:Error_Handler	4	static,ignoring_inline_asm
