main.c:351:6:DelayedOn_Wait	8	static
main.c:372:6:DelayedOn_On	8	static
main.c:378:6:DelayedInvMosOn	8	static
main.c:518:6:ResetInverterDay	8	static
main.c:586:6:ResetInverterNight	8	static
main.c:670:6:setPWM_TIM2	40	static
main.c:685:6:setPWM_TIM16	40	static
main.c:702:6:LedStatusShow	8	static
main.c:770:6:RestoreCalValuesFromFLASH	16	static
main.c:788:6:StoreCalData2FLASH	40	static
main.c:828:6:RestoreStatisticsFromFLASH	24	static
main.c:871:6:StoreStatistics2FLASH	40	static
main.c:921:6:DeleteStatistics2FLASH	32	static
main.c:953:6:Calculate_WattSeconds	4	static
main.c:1058:6:Calculate_WattHours	4	static
main.c:1085:6:ReadConfig	8	static
main.c:1102:6:BackupPowerON	16	static
main.c:1113:6:BackupPowerOFF	16	static
main.c:1126:6:ExtOut_InvResetStart	120	static
main.c:1137:6:ExtOut_InvResetStop	120	static
main.c:1153:6:BatteryMOS_ON	96	static
main.c:1170:6:BatteryMOS_OFF	96	static
main.c:1178:6:InverterMOS_ON	8	static
main.c:1191:6:InverterMOS_OFF	8	static
main.c:1197:10:ConvertNTCvalue	48	static
main.c:1209:10:ConvertVValue	24	static
main.c:1220:10:ConvertIValue	24	static
main.c:1249:5:main	32	static
main.c:1343:6:SystemClock_Config	96	static
main.c:1386:13:MX_ADC1_Init	32	static
main.c:1508:13:MX_TIM2_Init	48	static
main.c:1557:13:MX_TIM16_Init	80	static
main.c:1619:13:MX_USART1_UART_Init	8	static
main.c:1652:13:MX_DMA_Init	16	static
main.c:1677:13:MX_GPIO_Init	48	static
main.c:1729:6:HAL_UART_RxCpltCallback	48	static
main.c:1892:6:HAL_UART_TxCpltCallback	16	static
main.c:1897:6:InverterOn_batteryAsBackup	8	static
main.c:2000:6:InvOn_DischBattAtDay	8	static
main.c:2062:6:DischargeProcedure	8	static
main.c:2161:6:PrintConfig2TxBuffer	72	static
main.c:2190:6:PrintFlashStats2TxBuffer	248	static
main.c:2228:6:ShowWhStats	248	static
main.c:2262:6:PrintfCalData	64	static
main.c:2286:6:StartDefaultTask	144	static
main.c:2572:6:Callback01	24	static
main.c:2642:6:HAL_TIM_PeriodElapsedCallback	16	static
main.c:2659:6:Error_Handler	4	static,ignoring_inline_asm
