main.c:364:6:DelayedOn_Wait	8	static
main.c:385:6:DelayedOn_On	8	static
main.c:391:6:DelayedInvMosOn	8	static
main.c:541:6:ResetInverterDay	8	static
main.c:609:6:ResetInverterNight	8	static
main.c:693:6:setPWM_TIM2	40	static
main.c:708:6:setPWM_TIM16	40	static
main.c:725:6:LedStatusShow	8	static
main.c:793:6:RestoreCalValuesFromFLASH	16	static
main.c:811:5:StoreCalData2FLASH	40	static
main.c:852:6:RestoreStatisticsFromFLASH	24	static
main.c:895:5:StoreStatistics2FLASH	40	static
main.c:946:6:DeleteStatistics2FLASH	32	static
main.c:978:6:Calculate_WattSeconds	4	static
main.c:1087:6:Calculate_WattHours	4	static
main.c:1122:6:ReadConfig	8	static
main.c:1139:6:BackupPowerON	16	static
main.c:1150:6:BackupPowerOFF	16	static
main.c:1163:6:ExtOut_InvResetStart	120	static
main.c:1174:6:ExtOut_InvResetStop	120	static
main.c:1190:6:BatteryMOS_ON	96	static
main.c:1207:6:BatteryMOS_OFF	96	static
main.c:1215:6:InverterMOS_ON	8	static
main.c:1228:6:InverterMOS_OFF	8	static
main.c:1234:10:ConvertNTCvalue	48	static
main.c:1246:10:ConvertVValue	24	static
main.c:1257:10:ConvertIValue	24	static
main.c:1286:5:main	32	static
main.c:1380:6:SystemClock_Config	96	static
main.c:1423:13:MX_ADC1_Init	32	static
main.c:1545:13:MX_TIM2_Init	48	static
main.c:1594:13:MX_TIM16_Init	80	static
main.c:1656:13:MX_USART1_UART_Init	8	static
main.c:1689:13:MX_DMA_Init	16	static
main.c:1714:13:MX_GPIO_Init	48	static
main.c:1772:6:HAL_UART_RxCpltCallback	48	static
main.c:1944:6:HAL_UART_TxCpltCallback	16	static
main.c:1949:6:InverterOn_batteryAsBackup	8	static
main.c:2062:6:DischargeProcedure	8	static
main.c:2113:6:StoreStatsPowerOff	8	static
main.c:2167:6:PrintConfig2TxBuffer	80	static
main.c:2197:6:PrintFlashStats2TxBuffer	248	static
main.c:2235:6:ShowWhStats	256	static
main.c:2269:6:PrintfCalData	72	static
main.c:2295:6:StartDefaultTask	160	static
main.c:2666:6:Callback01	24	static
main.c:2737:6:HAL_TIM_PeriodElapsedCallback	16	static
main.c:2754:6:Error_Handler	4	static,ignoring_inline_asm
