main.c:358:6:DelayedOn_Wait	8	static
main.c:379:6:DelayedOn_On	8	static
main.c:385:6:DelayedInvMosOn	8	static
main.c:525:6:ResetInverterDay	8	static
main.c:593:6:ResetInverterNight	8	static
main.c:677:6:setPWM_TIM2	40	static
main.c:692:6:setPWM_TIM16	40	static
main.c:709:6:LedStatusShow	8	static
main.c:777:6:RestoreCalValuesFromFLASH	16	static
main.c:795:5:StoreCalData2FLASH	40	static
main.c:836:6:RestoreStatisticsFromFLASH	24	static
main.c:879:5:StoreStatistics2FLASH	40	static
main.c:930:6:DeleteStatistics2FLASH	32	static
main.c:962:6:Calculate_WattSeconds	4	static
main.c:1067:6:Calculate_WattHours	4	static
main.c:1100:6:ReadConfig	8	static
main.c:1117:6:BackupPowerON	16	static
main.c:1128:6:BackupPowerOFF	16	static
main.c:1141:6:ExtOut_InvResetStart	120	static
main.c:1152:6:ExtOut_InvResetStop	120	static
main.c:1168:6:BatteryMOS_ON	96	static
main.c:1185:6:BatteryMOS_OFF	96	static
main.c:1193:6:InverterMOS_ON	8	static
main.c:1206:6:InverterMOS_OFF	8	static
main.c:1212:10:ConvertNTCvalue	48	static
main.c:1224:10:ConvertVValue	24	static
main.c:1235:10:ConvertIValue	24	static
main.c:1264:5:main	32	static
main.c:1358:6:SystemClock_Config	96	static
main.c:1401:13:MX_ADC1_Init	32	static
main.c:1523:13:MX_TIM2_Init	48	static
main.c:1572:13:MX_TIM16_Init	80	static
main.c:1634:13:MX_USART1_UART_Init	8	static
main.c:1667:13:MX_DMA_Init	16	static
main.c:1692:13:MX_GPIO_Init	48	static
main.c:1744:6:HAL_UART_RxCpltCallback	48	static
main.c:1907:6:HAL_UART_TxCpltCallback	16	static
main.c:1912:6:InverterOn_batteryAsBackup	8	static
main.c:2015:6:InvOn_DischBattAtDay	8	static
main.c:2077:6:DischargeProcedure	8	static
main.c:2176:6:PrintConfig2TxBuffer	72	static
main.c:2205:6:PrintFlashStats2TxBuffer	248	static
main.c:2243:6:ShowWhStats	248	static
main.c:2277:6:PrintfCalData	64	static
main.c:2301:6:StartDefaultTask	144	static
main.c:2587:6:Callback01	24	static
main.c:2658:6:HAL_TIM_PeriodElapsedCallback	16	static
main.c:2675:6:Error_Handler	4	static,ignoring_inline_asm
