main.c:330:6:DelayedOn_Wait	8	static
main.c:351:6:DelayedOn_On	8	static
main.c:357:6:DelayedInvMosOn	8	static
main.c:497:6:ResetInverterDay	8	static
main.c:556:6:ResetInverterNight	8	static
main.c:621:6:setPWM_TIM2	40	static
main.c:636:6:setPWM_TIM16	40	static
main.c:653:6:LedStatusShow	8	static
main.c:721:6:RestoreCalValuesFromFLASH	16	static
main.c:739:6:StoreCalData2FLASH	40	static
main.c:779:6:RestoreStatisticsFromFLASH	24	static
main.c:822:6:StoreStatistics2FLASH	40	static
main.c:866:6:DeleteStatistics2FLASH	32	static
main.c:898:6:Calculate_WattSeconds	4	static
main.c:1061:6:Calculate_WattHours	4	static
main.c:1086:6:ReadConfig	8	static
main.c:1127:6:ExtOut_InvResetStart	120	static
main.c:1138:6:ExtOut_InvResetStop	120	static
main.c:1154:6:BatteryMOS_ON	96	static
main.c:1171:6:BatteryMOS_OFF	96	static
main.c:1179:6:InverterMOS_ON	8	static
main.c:1192:6:InverterMOS_OFF	8	static
main.c:1198:10:ConvertNTCvalue	48	static
main.c:1210:10:ConvertVValue	24	static
main.c:1221:10:ConvertIValue	24	static
main.c:1250:5:main	8	static
main.c:1344:6:SystemClock_Config	96	static
main.c:1387:13:MX_ADC1_Init	32	static
main.c:1509:13:MX_TIM2_Init	48	static
main.c:1558:13:MX_TIM16_Init	80	static
main.c:1620:13:MX_USART1_UART_Init	8	static
main.c:1653:13:MX_DMA_Init	16	static
main.c:1678:13:MX_GPIO_Init	48	static
main.c:1730:6:HAL_UART_RxCpltCallback	48	static
main.c:1883:6:HAL_UART_TxCpltCallback	16	static
main.c:1888:6:InverterOn_batteryAsBackup	8	static
main.c:1977:6:DischargeProcedure	8	static
main.c:2062:6:PrintConfig2TxBuffer	64	static
main.c:2088:6:PrintFlashStats2TxBuffer	248	static
main.c:2126:6:ShowWhStats	216	static
main.c:2156:6:PrintfCalData	64	static
main.c:2180:6:StartDefaultTask	128	static
main.c:2428:6:Callback01	24	static
main.c:2498:6:HAL_TIM_PeriodElapsedCallback	16	static
main.c:2515:6:Error_Handler	4	static,ignoring_inline_asm
