main.c:330:6:DelayedInvMosOn	8	static
main.c:557:6:ResetInverterDay	8	static
main.c:616:6:ResetInverterNight	8	static
main.c:681:6:setPWM_TIM2	40	static
main.c:696:6:setPWM_TIM16	40	static
main.c:713:6:LedStatusShow	8	static
main.c:781:6:RestoreCalValuesFromFLASH	16	static
main.c:799:6:StoreCalData2FLASH	40	static
main.c:839:6:RestoreStatisticsFromFLASH	24	static
main.c:882:6:StoreStatistics2FLASH	40	static
main.c:926:6:DeleteStatistics2FLASH	32	static
main.c:958:6:Calculate_WattSeconds	4	static
main.c:1121:6:Calculate_WattHours	4	static
main.c:1146:6:ReadConfig	8	static
main.c:1163:6:BackupPowerON	16	static
main.c:1174:6:BackupPowerOFF	16	static
main.c:1187:6:ExtOut_InvResetStart	120	static
main.c:1198:6:ExtOut_InvResetStop	120	static
main.c:1213:6:BatteryMOS_ON	96	static
main.c:1230:6:BatteryMOS_OFF	96	static
main.c:1238:6:InverterMOS_ON	8	static
main.c:1251:6:InverterMOS_OFF	8	static
main.c:1257:10:ConvertNTCvalue	48	static
main.c:1269:10:ConvertVValue	24	static
main.c:1280:10:ConvertIValue	24	static
main.c:1309:5:main	32	static
main.c:1403:6:SystemClock_Config	96	static
main.c:1446:13:MX_ADC1_Init	32	static
main.c:1568:13:MX_TIM2_Init	48	static
main.c:1617:13:MX_TIM16_Init	80	static
main.c:1679:13:MX_USART1_UART_Init	8	static
main.c:1712:13:MX_DMA_Init	16	static
main.c:1737:13:MX_GPIO_Init	48	static
main.c:1789:6:HAL_UART_RxCpltCallback	48	static
main.c:1936:6:HAL_UART_TxCpltCallback	16	static
main.c:1941:6:InverterOn_batteryAsBackup	8	static
main.c:2030:6:DischargeProcedure	8	static
main.c:2115:6:PrintConfig2TxBuffer	64	static
main.c:2141:6:PrintFlashStats2TxBuffer	248	static
main.c:2179:6:ShowWhStats	216	static
main.c:2209:6:PrintfCalData	64	static
main.c:2233:6:StartDefaultTask	128	static
main.c:2481:6:Callback01	24	static
main.c:2551:6:HAL_TIM_PeriodElapsedCallback	16	static
main.c:2568:6:Error_Handler	4	static,ignoring_inline_asm
