main.c:336:6:DelayedOn_Wait	8	static
main.c:357:6:DelayedOn_On	8	static
main.c:363:6:DelayedInvMosOn	8	static
main.c:503:6:ResetInverterDay	8	static
main.c:565:6:ResetInverterNight	8	static
main.c:644:6:setPWM_TIM2	40	static
main.c:659:6:setPWM_TIM16	40	static
main.c:676:6:LedStatusShow	8	static
main.c:744:6:RestoreCalValuesFromFLASH	16	static
main.c:762:6:StoreCalData2FLASH	40	static
main.c:802:6:RestoreStatisticsFromFLASH	24	static
main.c:845:6:StoreStatistics2FLASH	40	static
main.c:889:6:DeleteStatistics2FLASH	32	static
main.c:921:6:Calculate_WattSeconds	4	static
main.c:1084:6:Calculate_WattHours	4	static
main.c:1109:6:ReadConfig	8	static
main.c:1150:6:ExtOut_InvResetStart	120	static
main.c:1161:6:ExtOut_InvResetStop	120	static
main.c:1177:6:BatteryMOS_ON	96	static
main.c:1194:6:BatteryMOS_OFF	96	static
main.c:1202:6:InverterMOS_ON	8	static
main.c:1215:6:InverterMOS_OFF	8	static
main.c:1221:10:ConvertNTCvalue	48	static
main.c:1233:10:ConvertVValue	24	static
main.c:1244:10:ConvertIValue	24	static
main.c:1273:5:main	8	static
main.c:1367:6:SystemClock_Config	96	static
main.c:1410:13:MX_ADC1_Init	32	static
main.c:1532:13:MX_TIM2_Init	48	static
main.c:1581:13:MX_TIM16_Init	80	static
main.c:1643:13:MX_USART1_UART_Init	8	static
main.c:1676:13:MX_DMA_Init	16	static
main.c:1701:13:MX_GPIO_Init	48	static
main.c:1753:6:HAL_UART_RxCpltCallback	48	static
main.c:1906:6:HAL_UART_TxCpltCallback	16	static
main.c:1911:6:InverterOn_batteryAsBackup	8	static
main.c:2001:6:InvOn_DischBattAtDay	8	static
main.c:2063:6:DischargeProcedure	8	static
main.c:2151:6:PrintConfig2TxBuffer	72	static
main.c:2179:6:PrintFlashStats2TxBuffer	248	static
main.c:2217:6:ShowWhStats	216	static
main.c:2247:6:PrintfCalData	64	static
main.c:2271:6:StartDefaultTask	128	static
main.c:2542:6:Callback01	24	static
main.c:2612:6:HAL_TIM_PeriodElapsedCallback	16	static
main.c:2629:6:Error_Handler	4	static,ignoring_inline_asm
